Quality Gate Run — 2026-04-06T16:47:46Z
Scope: phase | Baseline: none

SKIP [Tests (full project)] — no command configured

SKIP [Typecheck] — no typecheck command for unknown

=== GATE: Lockfile ===
PASS [Lockfile]
SKIP [Build] — no command configured

SKIP [Docker Build] — phase scope or --skip-docker

SKIP [E2E Tests] — phase scope (final only)

=== GATE: Anti-Patterns ===
No TypeScript/JavaScript changes to scan.
PASS [Anti-Patterns]

SKIP [Wiring] — no wiring-checklist.json

=== GATE: Reachability ===
=== REACHABILITY CHECK ===
Comparing against: main

No changed source files found.
ALL REACHABLE (nothing to check)
PASS [Reachability]

=== GATE: No Shortcuts ===
PASS [No Shortcuts]

=== GATE: Project CI Scripts ===
SKIP [Project CI Scripts] — no scripts found

=== SUMMARY (phase scope) ===
Gates run:
  Full tests | Root typecheck | Lint | Lockfile | Build | Anti-patterns | Wiring | Reachability | No shortcuts | CI scripts
ALL GATES PASSED
